2022-04-22 15:20:06 DEBG  ▶ 🔨 show log info test                           time=1650612006
2022-04-22 15:20:06 INFO  ▶ 🔨 show log info test                           time=1650612006
2022-04-22 15:27:06 DEBG  ▶ 🔨 show log info test                           time=1650612426
2022-04-22 15:27:06 INFO  ▶ 🔨 show log info test                           time=1650612426
2022-04-22 15:28:23 DEBG  ▶ 🔨 show log info test                           time=1650612503
2022-04-22 15:28:23 INFO  ▶ 🔨 show log info test                           time=1650612503
2022-04-22 15:29:07 DEBG  ▶ 🔨 show log info test                           time=1650612547
2022-04-22 15:29:07 INFO  ▶ 🔨 show log info test                           time=1650612547
2022-04-22 15:30:59.340 DEBG  ▶ 🔨 show log info test                           time=1650612659
2022-04-22 15:30:59.340 INFO  ▶ 🔨 show log info test                           time=1650612659
2022-04-22 15:31:30.705 DEBG  ▶ 🔨 show log info test                           time=1650612690
2022-04-22 15:31:30.705 INFO  ▶ 🔨 show log info test                           time=1650612690
